【CrawlerNode】node-1 收到任务: taskId=38, url=https://www.bing.com/search?q=, keyword=国乒男队
2026-05-08T18:18:55.762+08:00  INFO 77529 --- [crawlernode] [ntContainer#0-1] c.e.c.service.FirecrawlService           : 收集到的网页地址:https://www.bing.com/search?q=%E5%9B%BD%E4%B9%92%E7%94%B7%E9%98%9F&rdr=1&rdrig=52F587EC2E724C4D8BB4EE1F4394BF70#
2026-05-08T18:18:55.763+08:00  INFO 77529 --- [crawlernode] [ntContainer#0-1] c.e.c.service.FirecrawlService           : 收集到的网页地址:https://www.bing.com/?FORM=Z9FD1
2026-05-08T18:18:55.763+08:00  INFO 77529 --- [crawlernode] [ntContainer#0-1] c.e.c.service.FirecrawlService           : 收集到的网页地址:https://www.bing.com/images
2026-05-08T18:18:55.763+08:00  INFO 77529 --- [crawlernode] [ntContainer#0-1] c.e.c.service.FirecrawlService           : 收集到的网页地址:https://www.bing.com/?scope=web&FORM=HDRSC1
2026-05-08T18:18:55.763+08:00  INFO 77529 --- [crawlernode] [ntContainer#0-1] c.e.c.service.FirecrawlService           : 收集到的网页地址:https://www.bing.com/copilotsearch?q=%e5%9b%bd%e4%b9%92%e7%94%b7%e9%98%9f&FORM=CSSCOP
2026-05-08T18:18:55.763+08:00  INFO 77529 --- [crawlernode] [ntContainer#0-1] c.e.c.service.FirecrawlService           : 收集到的网页地址:https://www.bing.com/ck/a?!&&p=f20d827a6e52afe3651ec9d6e08453d7f939a364b691b80f9df65084a75f050eJmltdHM9MTc3ODE5ODQwMA&ptn=3&ver=2&hsh=4&fclid=15fac77f-cbd5-63d1-19c0-d02cca336210&u=a1L2ltYWdlcy9zZWFyY2g_cT0lZTUlOWIlYmQlZTQlYjklOTIlZTclOTQlYjclZTklOTglOWYmRk9STT1IRFJTQzI&ntb=1
2026-05-08T18:18:55.763+08:00  INFO 77529 --- [crawlernode] [ntContainer#0-1] c.e.c.service.FirecrawlService           : 收集到的网页地址:https://www.bing.com/ck/a?!&&p=a7105e1ae0bae453aa6c690266e927446ea6829c42388286b28da5cd6b3cd75eJmltdHM9MTc3ODE5ODQwMA&ptn=3&ver=2&hsh=4&fclid=15fac77f-cbd5-63d1-19c0-d02cca336210&u=a1L3ZpZGVvcy9zZWFyY2g_cT0lZTUlOWIlYmQlZTQlYjklOTIlZTclOTQlYjclZTklOTglOWYmRk9STT1IRFJTQzM&ntb=1
2026-05-08T18:18:55.763+08:00  INFO 77529 --- [crawlernode] [ntContainer#0-1] c.e.c.service.FirecrawlService           : 收集到的网页地址:https://www.bing.com/ck/a?!&&p=d43fff658b050f4a2d31eca49154ebc29344e9d70365c8d0ccba4a4e8786c2abJmltdHM9MTc3ODE5ODQwMA&ptn=3&ver=2&hsh=4&fclid=15fac77f-cbd5-63d1-19c0-d02cca336210&u=a1L21hcHM_cT0lZTUlOWIlYmQlZTQlYjklOTIlZTclOTQlYjclZTklOTglOWYmRk9STT1IRFJTQzQ&ntb=1
2026-05-08T18:18:55.763+08:00  INFO 77529 --- [crawlernode] [ntContainer#0-1] c.e.c.service.FirecrawlService           : 收集到的网页地址:https://www.bing.com/ck/a?!&&p=0814c356ae7144fb6b1ca45fed3cfc8e29fbdc17c689716952da66aaa4cbeb4bJmltdHM9MTc3ODE5ODQwMA&ptn=3&ver=2&hsh=4&fclid=15fac77f-cbd5-63d1-19c0-d02cca336210&u=a1L25ld3Mvc2VhcmNoP3E9JWU1JTliJWJkJWU0JWI5JTkyJWU3JTk0JWI3JWU5JTk4JTlmJkZPUk09SERSU0M2&ntb=1
2026-05-08T18:18:55.763+08:00  INFO 77529 --- [crawlernode] [ntContainer#0-1] c.e.c.service.FirecrawlService           : 收集到的网页地址:https://www.bing.com/ck/a?!&&p=b9ddcf38d278096523cc4cf27b84d9d9eccbe555bfdc3133c0817e33d5703879JmltdHM9MTc3ODE5ODQwMA&ptn=3&ver=2&hsh=4&fclid=15fac77f-cbd5-63d1-19c0-d02cca336210&u=a1L3Nob3A_cT0lZTUlOWIlYmQlZTQlYjklOTIlZTclOTQlYjclZTklOTglOWYmRk9STT1TSE9QVEI&ntb=1
2026-05-08T18:18:55.763+08:00  INFO 77529 --- [crawlernode] [ntContainer#0-1] c.e.c.service.FirecrawlService           : 收集到的网页地址:https://www.bing.com/ck/a?!&&p=934851cf7de04c68d6c27438836634221ee72f67bb00d5ba6e049c2519e812b4JmltdHM9MTc3ODE5ODQwMA&ptn=3&ver=2&hsh=4&fclid=15fac77f-cbd5-63d1-19c0-d02cca336210&u=a1L3RyYXZlbC9zZWFyY2g_cT0lZTUlOWIlYmQlZTQlYjklOTIlZTclOTQlYjclZTklOTglOWYmbT1mbGlnaHRzJkZPUk09RkJTQ09Q&ntb=1
2026-05-08T18:18:55.763+08:00  INFO 77529 --- [crawlernode] [ntContainer#0-1] c.e.c.service.FirecrawlService           : 收集到的网页地址:https://www.bing.com/ck/a?!&&p=35ca97ea6a68ac8fcd4943c5f25d39b63ab1aff09180544d16525084a4c564caJmltdHM9MTc3ODE5ODQwMA&ptn=3&ver=2&hsh=4&fclid=15fac77f-cbd5-63d1-19c0-d02cca336210&u=a1L3RyYXZlbC9zZWFyY2g_cT0lZTUlOWIlYmQlZTQlYjklOTIlZTclOTQlYjclZTklOTglOWYmbT10cmF2ZWwmRk9STT1USFNDT1A&ntb=1
2026-05-08T18:18:55.763+08:00  INFO 77529 --- [crawlernode] [ntContainer#0-1] c.e.c.service.FirecrawlService           : 收集到的网页地址:https://www.bing.com/search?q=%e5%9b%bd%e4%b9%92%e7%94%b7%e9%98%9f&rdr=1&rdrig=52F587EC2E724C4D8BB4EE1F4394BF70&FORM=000017&qpvt=%e5%9b%bd%e4%b9%92%e7%94%b7%e9%98%9f
2026-05-08T18:18:55.763+08:00  INFO 77529 --- [crawlernode] [ntContainer#0-1] c.e.c.service.FirecrawlService           : 收集到的网页地址:https://www.bing.com/search?q=%e5%9b%bd%e4%b9%92%e7%94%b7%e9%98%9f&filters=ex1%3a%22ez1%22&rdr=1&rdrig=52F587EC2E724C4D8BB4EE1F4394BF70&FORM=000017
2026-05-08T18:18:55.763+08:00  INFO 77529 --- [crawlernode] [ntContainer#0-1] c.e.c.service.FirecrawlService           : 收集到的网页地址:https://www.bing.com/search?q=%e5%9b%bd%e4%b9%92%e7%94%b7%e9%98%9f&filters=ex1%3a%22ez2%22&rdr=1&rdrig=52F587EC2E724C4D8BB4EE1F4394BF70&FORM=000017
2026-05-08T18:18:55.763+08:00  INFO 77529 --- [crawlernode] [ntContainer#0-1] c.e.c.service.FirecrawlService           : 收集到的网页地址:https://www.bing.com/search?q=%e5%9b%bd%e4%b9%92%e7%94%b7%e9%98%9f&filters=ex1%3a%22ez3%22&rdr=1&rdrig=52F587EC2E724C4D8BB4EE1F4394BF70&FORM=000017
2026-05-08T18:18:55.763+08:00  INFO 77529 --- [crawlernode] [ntContainer#0-1] c.e.c.service.FirecrawlService           : 收集到的网页地址:https://www.bing.com/search?q=%e5%9b%bd%e4%b9%92%e7%94%b7%e9%98%9f&filters=ex1%3a%22ez5_20216_20581%22&rdr=1&rdrig=52F587EC2E724C4D8BB4EE1F4394BF70&FORM=000017
2026-05-08T18:18:55.763+08:00  INFO 77529 --- [crawlernode] [ntContainer#0-1] c.e.c.service.FirecrawlService           : 收集到的网页地址:https://www.bing.com/ck/a?!&&p=df836d6df543f2dbc2ed53dbdfc50be19b2587898569550f7629fbe4134e5a28JmltdHM9MTc3ODE5ODQwMA&ptn=3&ver=2&hsh=4&fclid=15fac77f-cbd5-63d1-19c0-d02cca336210&u=a1aHR0cHM6Ly9mb3J1bS5nYW1lci5jb20udHcvQi5waHA_YnNuPTE4Njcz&ntb=1
2026-05-08T18:18:55.763+08:00  INFO 77529 --- [crawlernode] [ntContainer#0-1] c.e.c.service.FirecrawlService           : 收集到的网页地址:https://www.bing.com/ck/a?!&&p=9e7ede48d38cd4aa915c8239f96f11eeefc58497f2906ae1f44b761d21329cfbJmltdHM9MTc3ODE5ODQwMA&ptn=3&ver=2&hsh=4&fclid=15fac77f-cbd5-63d1-19c0-d02cca336210&u=a1aHR0cHM6Ly93d3cubWluZWNyYWZ0Zm9ydW0ubmV0Lw&ntb=1
2026-05-08T18:18:55.763+08:00  INFO 77529 --- [crawlernode] [ntContainer#0-1] c.e.c.service.FirecrawlService           : 收集到的网页地址:https://www.bing.com/ck/a?!&&p=6e0f1b28f3cd5fbf3e445fc1c2667df0eace3c4b5ea035daeaf0ac6a1bcd1574JmltdHM9MTc3ODE5ODQwMA&ptn=3&ver=2&hsh=4&fclid=15fac77f-cbd5-63d1-19c0-d02cca336210&u=a1aHR0cHM6Ly9mb3J1bS5nYW1lci5jb20udHcvQy5waHA_YnNuPTE4NjczJnNuQT0yMDMyNDk&ntb=1
2026-05-08T18:18:55.763+08:00  INFO 77529 --- [crawlernode] [ntContainer#0-1] c.e.c.service.FirecrawlService           : 收集到的网页地址:https://www.bing.com/ck/a?!&&p=f7f3959c342d353e1a7529c0b5f6de03683eae2e0433286421cfce249652d6c7JmltdHM9MTc3ODE5ODQwMA&ptn=3&ver=2&hsh=4&fclid=15fac77f-cbd5-63d1-19c0-d02cca336210&u=a1aHR0cHM6Ly93d3cubWluZWNyYWZ0Zm9ydW0ubmV0L2ZvcnVtcy9zaG93LXlvdXItY3JlYXRpb24vdmlkZW9zL290aGVyLXZpZGVvcy8zMTg3MTYyLXRvcC0xMC1taW5lY3JhZnQtZnVuLWNvbW1hbmRzLXlvdS1zaG91bGQtdHJ5LTEtMjA&ntb=1
2026-05-08T18:18:55.763+08:00  INFO 77529 --- [crawlernode] [ntContainer#0-1] c.e.c.service.FirecrawlService           : 收集到的网页地址:https://www.bing.com/ck/a?!&&p=9ed6eace3b879e52247d9076fe81a43a8b9ef5fe2106f725d4ecce50ccd88820JmltdHM9MTc3ODE5ODQwMA&ptn=3&ver=2&hsh=4&fclid=15fac77f-cbd5-63d1-19c0-d02cca336210&u=a1aHR0cHM6Ly9mb3J1bS5nYW1lci5jb20udHcvQy5waHA_YnNuPTE4NjczJnNuQT0yMDE5MjM&ntb=1
2026-05-08T18:18:55.764+08:00  INFO 77529 --- [crawlernode] [ntContainer#0-1] c.e.c.service.FirecrawlService           : 收集到的网页地址:https://www.bing.com/ck/a?!&&p=fff26fc9adf95c653167cce178e7d59d848c68db9ffa0d28a3bbd968590734cbJmltdHM9MTc3ODE5ODQwMA&ptn=3&ver=2&hsh=4&fclid=15fac77f-cbd5-63d1-19c0-d02cca336210&u=a1aHR0cHM6Ly93d3cubWluZWNyYWZ0Zm9ydW0ubmV0L2ZvcnVtcy9taW5lY3JhZnQtamF2YS1lZGl0aW9uL3JlZHN0b25lLWRpc2N1c3Npb24tYW5kL2NvbW1hbmRzLWNvbW1hbmQtYmxvY2tzLWFuZC8zMjAwNjk4LWhvdy10by1nZXQtaW52aXNpYmxlLWl0ZW0tZnJhbWVz&ntb=1
2026-05-08T18:18:55.764+08:00  INFO 77529 --- [crawlernode] [ntContainer#0-1] c.e.c.service.FirecrawlService           : 收集到的网页地址:https://www.bing.com/ck/a?!&&p=cbcd038dffd8259f2c372b64d237d5f89b0f23aebb326a083e584b7e16f4b728JmltdHM9MTc3ODE5ODQwMA&ptn=3&ver=2&hsh=4&fclid=15fac77f-cbd5-63d1-19c0-d02cca336210&u=a1aHR0cHM6Ly9mb3J1bS5nYW1lci5jb20udHcvQy5waHA_YnNuPTE4NjczJnNuQT0xOTQ4ODk&ntb=1
2026-05-08T18:18:55.764+08:00  INFO 77529 --- [crawlernode] [ntContainer#0-1] c.e.c.service.FirecrawlService           : 收集到的网页地址:https://www.bing.com/ck/a?!&&p=4e25a180d2d8dc5bc5fac3349dd80480a21f74d929f5e5e9bd8a76b1fc014951JmltdHM9MTc3ODE5ODQwMA&ptn=3&ver=2&hsh=4&fclid=15fac77f-cbd5-63d1-19c0-d02cca336210&u=a1aHR0cHM6Ly93d3cubWluZWNyYWZ0Zm9ydW0ubmV0L2ZvcnVtcy9tYXBwaW5nLWFuZC1tb2RkaW5nLWphdmEtZWRpdGlvbi9taW5lY3JhZnQtdG9vbHMvMTI2MjY2NS1uYnRleHBsb3Jlci1uYnQtZWRpdG9yLWZvci13aW5kb3dzLWFuZC1tYWM&ntb=1
2026-05-08T18:18:55.764+08:00  INFO 77529 --- [crawlernode] [ntContainer#0-1] c.e.c.service.FirecrawlService           : 收集到的网页地址:https://www.bing.com/ck/a?!&&p=bfe2ba2d5ac64daf147d266e045133921cf7b8693b5ea913ce30ab2dda0abf20JmltdHM9MTc3ODE5ODQwMA&ptn=3&ver=2&hsh=4&fclid=15fac77f-cbd5-63d1-19c0-d02cca336210&u=a1aHR0cHM6Ly9mb3J1bS5nYW1lci5jb20udHcvQy5waHA_YnNuPTE4NjczJnNuQT0yMDE4NDQ&ntb=1
2026-05-08T18:18:55.764+08:00  INFO 77529 --- [crawlernode] [ntContainer#0-1] c.e.c.service.FirecrawlService           : 收集到的网页地址:https://www.bing.com/ck/a?!&&p=df04dab54bb1d0cea728ef587a395d23a8fae3a1590483fb4a8e1f8b05bc40b5JmltdHM9MTc3ODE5ODQwMA&ptn=3&ver=2&hsh=4&fclid=15fac77f-cbd5-63d1-19c0-d02cca336210&u=a1aHR0cHM6Ly93d3cubWluZWNyYWZ0Zm9ydW0ubmV0L2ZvcnVtcy9zdXBwb3J0L3NlcnZlci1zdXBwb3J0LWFuZC8zMjAyMzE5LW1pbmVjcmFmdC1zZXJ2ZXItY29ubmVjdGlvbi1yZWZ1c2VkLWdldHNvY2tvcHQ&ntb=1
2026-05-08T18:18:55.764+08:00  INFO 77529 --- [crawlernode] [ntContainer#0-1] c.e.c.service.FirecrawlService           : 收集到的网页地址:https://www.bing.com/search?q=%e5%9b%bd%e4%b9%92%e7%94%b7%e9%98%9f&rdr=1&rdrig=52F587EC2E724C4D8BB4EE1F4394BF70&FPIG=6EAEF117C21145F3A37FF1ED1A6BE12D&first=11&FORM=PERE
2026-05-08T18:18:55.764+08:00  INFO 77529 --- [crawlernode] [ntContainer#0-1] c.e.c.service.FirecrawlService           : 收集到的网页地址:https://www.bing.com/search?q=%e5%9b%bd%e4%b9%92%e7%94%b7%e9%98%9f&rdr=1&rdrig=52F587EC2E724C4D8BB4EE1F4394BF70&FPIG=6EAEF117C21145F3A37FF1ED1A6BE12D&first=21&FORM=PERE1
2026-05-08T18:18:55.764+08:00  INFO 77529 --- [crawlernode] [ntContainer#0-1] c.e.c.service.FirecrawlService           : 收集到的网页地址:https://www.bing.com/search?q=%e5%9b%bd%e4%b9%92%e7%94%b7%e9%98%9f&rdr=1&rdrig=52F587EC2E724C4D8BB4EE1F4394BF70&FPIG=6EAEF117C21145F3A37FF1ED1A6BE12D&first=11&FORM=PORE
2026-05-08T18:18:55.764+08:00  INFO 77529 --- [crawlernode] [ntContainer#0-1] c.e.c.service.FirecrawlService           : 收集到的网页地址:https://www.bing.com/ck/a?!&&p=01a86dc13be81549a7251dc3c2822dd91291c7ad4de2f67db5862e87c81bfa04JmltdHM9MTc3ODE5ODQwMA&ptn=3&ver=2&hsh=4&fclid=15fac77f-cbd5-63d1-19c0-d02cca336210&u=a1aHR0cDovL2dvLm1pY3Jvc29mdC5jb20vZndsaW5rLz9MaW5rSWQ9NTIxODM5&ntb=1
2026-05-08T18:18:55.764+08:00  INFO 77529 --- [crawlernode] [ntContainer#0-1] c.e.c.service.FirecrawlService           : 收集到的网页地址:https://www.bing.com/ck/a?!&&p=4c94d7cc42c00fe58b7621c6e57e1c171a36275d7cfa83195e12586e64a0c29dJmltdHM9MTc3ODE5ODQwMA&ptn=3&ver=2&hsh=4&fclid=15fac77f-cbd5-63d1-19c0-d02cca336210&u=a1aHR0cDovL2dvLm1pY3Jvc29mdC5jb20vZndsaW5rLz9MaW5rSUQ9MjQ2MzM4&ntb=1
2026-05-08T18:18:55.764+08:00  INFO 77529 --- [crawlernode] [ntContainer#0-1] c.e.c.service.FirecrawlService           : 收集到的网页地址:https://www.bing.com/ck/a?!&&p=470e5b15f1de5ba3f25d31653c9034490182be3e8cf66ca9738394e9e79a77c2JmltdHM9MTc3ODE5ODQwMA&ptn=3&ver=2&hsh=4&fclid=15fac77f-cbd5-63d1-19c0-d02cca336210&u=a1aHR0cHM6Ly9zdXBwb3J0Lm1pY3Jvc29mdC5jb20vdG9waWMvaG93LWJpbmctZGVsaXZlcnMtc2VhcmNoLXJlc3VsdHMtZDE4ZmM4MTUtYWMzNy00NzIzLWJjNjctOTIyOWNlM2ViNmEzPw&ntb=1
2026-05-08T18:18:55.764+08:00  INFO 77529 --- [crawlernode] [ntContainer#0-1] c.e.c.service.FirecrawlService           : 收集到的网页地址:https://www.bing.com/copilotsearch?q=%E5%9B%BD%E4%B9%92%E7%94%B7%E9%98%9F&form=CSBSBX
2026-05-08T18:19:00.785+08:00  WARN 77529 --- [crawlernode] [ntContainer#0-1] c.example.crawlernode.crawler.Crawler    : 【CrawlerNode】node-1 强制滚动失败: Error {
  message='Execution context was destroyed, most likely because of a navigation.
  name='Error
  stack='Error: Execution context was destroyed, most likely because of a navigation.
    at rewriteError (/private/var/folders/sg/6ppf7j8x3td_31174x_ch69h0000gn/T/playwright-java-7701257685992623650/package/lib/server/chromium/crExecutionContext.js:127:105)
    at runNextTicks (node:internal/process/task_queues:60:5)
    at process.processImmediate (node:internal/timers:454:9)
    at async CRExecutionContext.evaluateWithArguments (/private/var/folders/sg/6ppf7j8x3td_31174x_ch69h0000gn/T/playwright-java-7701257685992623650/package/lib/server/chromium/crExecutionContext.js:78:9)
    at async LongStandingScope._race (/private/var/folders/sg/6ppf7j8x3td_31174x_ch69h0000gn/T/playwright-java-7701257685992623650/package/lib/utils/manualPromise.js:96:14)
    at async Object.evaluateExpression (/private/var/folders/sg/6ppf7j8x3td_31174x_ch69h0000gn/T/playwright-java-7701257685992623650/package/lib/server/javascript.js:235:12)
    at async Frame.evaluateExpression (/private/var/folders/sg/6ppf7j8x3td_31174x_ch69h0000gn/T/playwright-java-7701257685992623650/package/lib/server/frames.js:603:19)
    at async FrameDispatcher.evaluateExpression (/private/var/folders/sg/6ppf7j8x3td_31174x_ch69h0000gn/T/playwright-java-7701257685992623650/package/lib/server/dispatchers/frameDispatcher.js:91:55)
    at async LongStandingScope._race (/private/var/folders/sg/6ppf7j8x3td_31174x_ch69h0000gn/T/playwright-java-7701257685992623650/package/lib/utils/manualPromise.js:96:14)
    at async FrameDispatcher._handleCommand (/private/var/folders/sg/6ppf7j8x3td_31174x_ch69h0000gn/T/playwright-java-7701257685992623650/package/lib/server/dispatchers/dispatcher.js:96:14)
}
2026-05-08T18:19:07.170+08:00  WARN 77529 --- [crawlernode] [ntContainer#0-1] c.example.crawlernode.crawler.Crawler    : 【CrawlerNode】node-1 等待图片 complete 超时: Error {
  message='EvalError: Refused to evaluate a string as JavaScript because 'unsafe-eval' is not an allowed source of script in the following Content Security Policy directive: "script-src https: 'strict-dynamic' 'report-sample' 'wasm-unsafe-eval' 'nonce-0AqWANtyXteeG+4pwA/5KKjyG/48YTB3NtzKHpbV+es='".

    at eval (<anonymous>)
    at predicate (eval at evaluate (:234:30), <anonymous>:11:37)
    at next (eval at evaluate (:234:30), <anonymous>:32:31)
  name='Error
  stack='Error: EvalError: Refused to evaluate a string as JavaScript because 'unsafe-eval' is not an allowed source of script in the following Content Security Policy directive: "script-src https: 'strict-dynamic' 'report-sample' 'wasm-unsafe-eval' 'nonce-0AqWANtyXteeG+4pwA/5KKjyG/48YTB3NtzKHpbV+es='".

    at eval (<anonymous>)
    at predicate (eval at evaluate (:234:30), <anonymous>:11:37)
    at next (eval at evaluate (:234:30), <anonymous>:32:31)
    at CRExecutionContext.evaluateWithArguments (/private/var/folders/sg/6ppf7j8x3td_31174x_ch69h0000gn/T/playwright-java-7701257685992623650/package/lib/server/chromium/crExecutionContext.js:92:33)
    at async LongStandingScope._race (/private/var/folders/sg/6ppf7j8x3td_31174x_ch69h0000gn/T/playwright-java-7701257685992623650/package/lib/utils/manualPromise.js:96:14)
    at async evaluateExpression (/private/var/folders/sg/6ppf7j8x3td_31174x_ch69h0000gn/T/playwright-java-7701257685992623650/package/lib/server/javascript.js:235:12)
    at async Frame.retryWithProgressAndTimeouts (/private/var/folders/sg/6ppf7j8x3td_31174x_ch69h0000gn/T/playwright-java-7701257685992623650/package/lib/server/frames.js:929:24)
    at async ProgressController.run (/private/var/folders/sg/6ppf7j8x3td_31174x_ch69h0000gn/T/playwright-java-7701257685992623650/package/lib/server/progress.js:82:22)
    at async FrameDispatcher.waitForFunction (/private/var/folders/sg/6ppf7j8x3td_31174x_ch69h0000gn/T/playwright-java-7701257685992623650/package/lib/server/dispatchers/frameDispatcher.js:264:84)
    at async LongStandingScope._race (/private/var/folders/sg/6ppf7j8x3td_31174x_ch69h0000gn/T/playwright-java-7701257685992623650/package/lib/utils/manualPromise.js:96:14)
    at async FrameDispatcher._handleCommand (/private/var/folders/sg/6ppf7j8x3td_31174x_ch69h0000gn/T/playwright-java-7701257685992623650/package/lib/server/dispatchers/dispatcher.js:96:14)
    at async DispatcherConnection.dispatch (/private/var/folders/sg/6ppf7j8x3td_31174x_ch69h0000gn/T/playwright-java-7701257685992623650/package/lib/server/dispatchers/dispatcher.js:361:22)
}
2026-05-08T18:19:07.230+08:00  INFO 77529 --- [crawlernode] [ntContainer#0-1] c.e.c.crawler.CrawlerTaskListener        : 【CrawlerNode】node-1 任务执行结束: taskId=38
